// Jest Snapshot v1, https://goo.gl/fbAQLP

exports[`<Main /> should render the main page 1`] = `
<div
  class="sc-hKMtZM hOqbbF"
>
  <section
    class="sc-dkzDqf grYqif"
  >
    <div
      class="infocard-container"
    >
      <div
        class="sc-gsnTZi ggXPc infocard"
      >
        <img
          alt="Infocard Image"
          class="infocard"
          src=""
        />
        <div
          class="infocard-text"
        >
          <p
            class="infocard-value"
          >
            Value
          </p>
          <p
            class="infocard-label"
          >
            Label
          </p>
        </div>
      </div>
      <div
        class="sc-gsnTZi ggXPc infocard"
      >
        <img
          alt="Infocard Image"
          class="infocard"
          src=""
        />
        <div
          class="infocard-text"
        >
          <p
            class="infocard-value"
          >
            Value
          </p>
          <p
            class="infocard-label"
          >
            Label
          </p>
        </div>
      </div>
      <div
        class="sc-gsnTZi ggXPc infocard"
      >
        <img
          alt="Infocard Image"
          class="infocard"
          src=""
        />
        <div
          class="infocard-text"
        >
          <p
            class="infocard-value"
          >
            Value
          </p>
          <p
            class="infocard-label"
          >
            Label
          </p>
        </div>
      </div>
    </div>
    <div
      class="sc-bczRLJ iZVTKG"
    >
      <h2
        class="graph-title graph-text"
      >
        Graph Title
      </h2>
      <h3
        class="graph-subtitle graph-text"
      >
        subtitle
      </h3>
      <img
        alt="Graph image"
        src=""
      />
    </div>
    <div
      class="sc-bczRLJ iZVTKG"
    >
      <h2
        class="graph-title graph-text"
      >
        Graph Title
      </h2>
      <h3
        class="graph-subtitle graph-text"
      >
        subtitle
      </h3>
      <img
        alt="Graph image"
        src=""
      />
    </div>
  </section>
</div>
`;
